 Container app-x402-run-3759e1b602f5 Creating 
 Container app-x402-run-3759e1b602f5 Created 
synced 0 new USDC transfer(s) to 0xb3F32bdfe8D07825BC0D7387295aB1D7559BA69d on eip155:8453, up to block 50926328
0 paiement on-chain attribuable par route (0 transferts totaux)
 Container app-x402-run-a6231e066832 Creating 
 Container app-x402-run-a6231e066832 Created 
synced 0 new USDC transfer(s) to 0xb3F32bdfe8D07825BC0D7387295aB1D7559BA69d on eip155:8453, up to block 50928134
0 paiement on-chain attribuable par route (0 transferts totaux)
 Container app-x402-run-2cf0fb0a8b77 Creating 
 Container app-x402-run-2cf0fb0a8b77 Created 
synced 0 new USDC transfer(s) to 0xb3F32bdfe8D07825BC0D7387295aB1D7559BA69d on eip155:8453, up to block 50929931
0 paiement on-chain attribuable par route (0 transferts totaux)
 Container app-x402-run-caff1f0b11ae Creating 
 Container app-x402-run-caff1f0b11ae Created 
synced 0 new USDC transfer(s) to 0xb3F32bdfe8D07825BC0D7387295aB1D7559BA69d on eip155:8453, up to block 50931738
0 paiement on-chain attribuable par route (0 transferts totaux)
 Container app-x402-run-39c0ddb018e0 Creating 
 Container app-x402-run-39c0ddb018e0 Created 
synced 0 new USDC transfer(s) to 0xb3F32bdfe8D07825BC0D7387295aB1D7559BA69d on eip155:8453, up to block 50933530
0 paiement on-chain attribuable par route (0 transferts totaux)
 Container app-x402-run-848fde056809 Creating 
 Container app-x402-run-848fde056809 Created 
synced 0 new USDC transfer(s) to 0xb3F32bdfe8D07825BC0D7387295aB1D7559BA69d on eip155:8453, up to block 50935331
0 paiement on-chain attribuable par route (0 transferts totaux)
 Container app-x402-run-b563093c1a34 Creating 
 Container app-x402-run-b563093c1a34 Created 
synced 0 new USDC transfer(s) to 0xb3F32bdfe8D07825BC0D7387295aB1D7559BA69d on eip155:8453, up to block 50937130
0 paiement on-chain attribuable par route (0 transferts totaux)
 Container app-x402-run-e8022d278710 Creating 
 Container app-x402-run-e8022d278710 Created 
synced 0 new USDC transfer(s) to 0xb3F32bdfe8D07825BC0D7387295aB1D7559BA69d on eip155:8453, up to block 50938931
0 paiement on-chain attribuable par route (0 transferts totaux)
 Container app-x402-run-5fcca2692978 Creating 
 Container app-x402-run-5fcca2692978 Created 
synced 0 new USDC transfer(s) to 0xb3F32bdfe8D07825BC0D7387295aB1D7559BA69d on eip155:8453, up to block 50940732
0 paiement on-chain attribuable par route (0 transferts totaux)
 Container app-x402-run-46265d06fdf5 Creating 
 Container app-x402-run-46265d06fdf5 Created 
synced 0 new USDC transfer(s) to 0xb3F32bdfe8D07825BC0D7387295aB1D7559BA69d on eip155:8453, up to block 50942530
0 paiement on-chain attribuable par route (0 transferts totaux)
 Container app-x402-run-35bb4ba5cbb9 Creating 
 Container app-x402-run-35bb4ba5cbb9 Created 
synced 0 new USDC transfer(s) to 0xb3F32bdfe8D07825BC0D7387295aB1D7559BA69d on eip155:8453, up to block 50944330
0 paiement on-chain attribuable par route (0 transferts totaux)
 Container app-x402-run-eca013b40462 Creating 
 Container app-x402-run-eca013b40462 Created 
synced 0 new USDC transfer(s) to 0xb3F32bdfe8D07825BC0D7387295aB1D7559BA69d on eip155:8453, up to block 50946131
0 paiement on-chain attribuable par route (0 transferts totaux)
 Container app-x402-run-63c3ea68abd7 Creating 
 Container app-x402-run-63c3ea68abd7 Created 
synced 0 new USDC transfer(s) to 0xb3F32bdfe8D07825BC0D7387295aB1D7559BA69d on eip155:8453, up to block 50947931
0 paiement on-chain attribuable par route (0 transferts totaux)
 Container app-x402-run-dba45837804a Creating 
 Container app-x402-run-dba45837804a Created 
synced 0 new USDC transfer(s) to 0xb3F32bdfe8D07825BC0D7387295aB1D7559BA69d on eip155:8453, up to block 50949731
0 paiement on-chain attribuable par route (0 transferts totaux)
 Container app-x402-run-ec3e2bce876c Creating 
 Container app-x402-run-ec3e2bce876c Created 
synced 0 new USDC transfer(s) to 0xb3F32bdfe8D07825BC0D7387295aB1D7559BA69d on eip155:8453, up to block 50951530
0 paiement on-chain attribuable par route (0 transferts totaux)
 Container app-x402-run-a068a1ae7410 Creating 
 Container app-x402-run-a068a1ae7410 Created 
synced 0 new USDC transfer(s) to 0xb3F32bdfe8D07825BC0D7387295aB1D7559BA69d on eip155:8453, up to block 50953331
0 paiement on-chain attribuable par route (0 transferts totaux)
 Container app-x402-run-326d7b464bb3 Creating 
 Container app-x402-run-326d7b464bb3 Created 
synced 0 new USDC transfer(s) to 0xb3F32bdfe8D07825BC0D7387295aB1D7559BA69d on eip155:8453, up to block 50955129
0 paiement on-chain attribuable par route (0 transferts totaux)
 Container app-x402-run-2a8e164fde96 Creating 
 Container app-x402-run-2a8e164fde96 Created 
synced 0 new USDC transfer(s) to 0xb3F32bdfe8D07825BC0D7387295aB1D7559BA69d on eip155:8453, up to block 50956930
0 paiement on-chain attribuable par route (0 transferts totaux)
 Container app-x402-run-d8ce77153897 Creating 
 Container app-x402-run-d8ce77153897 Created 
synced 0 new USDC transfer(s) to 0xb3F32bdfe8D07825BC0D7387295aB1D7559BA69d on eip155:8453, up to block 50958733
0 paiement on-chain attribuable par route (0 transferts totaux)
 Container app-x402-run-b273c35afbaf Creating 
 Container app-x402-run-b273c35afbaf Created 
synced 0 new USDC transfer(s) to 0xb3F32bdfe8D07825BC0D7387295aB1D7559BA69d on eip155:8453, up to block 50960531
0 paiement on-chain attribuable par route (0 transferts totaux)
 Container app-x402-run-9c8a53688a4c Creating 
 Container app-x402-run-9c8a53688a4c Created 
synced 0 new USDC transfer(s) to 0xb3F32bdfe8D07825BC0D7387295aB1D7559BA69d on eip155:8453, up to block 50962331
0 paiement on-chain attribuable par route (0 transferts totaux)
 Container app-x402-run-143ce6ff7c1d Creating 
 Container app-x402-run-143ce6ff7c1d Created 
synced 0 new USDC transfer(s) to 0xb3F32bdfe8D07825BC0D7387295aB1D7559BA69d on eip155:8453, up to block 50964129
0 paiement on-chain attribuable par route (0 transferts totaux)
 Container app-x402-run-0e7e208202ca Creating 
 Container app-x402-run-0e7e208202ca Created 
synced 0 new USDC transfer(s) to 0xb3F32bdfe8D07825BC0D7387295aB1D7559BA69d on eip155:8453, up to block 50965930
0 paiement on-chain attribuable par route (0 transferts totaux)
 Container app-x402-run-a85ddaaeef37 Creating 
 Container app-x402-run-a85ddaaeef37 Created 
synced 0 new USDC transfer(s) to 0xb3F32bdfe8D07825BC0D7387295aB1D7559BA69d on eip155:8453, up to block 50967730
0 paiement on-chain attribuable par route (0 transferts totaux)
 Container app-x402-run-58cb0c10568a Creating 
 Container app-x402-run-58cb0c10568a Created 
synced 0 new USDC transfer(s) to 0xb3F32bdfe8D07825BC0D7387295aB1D7559BA69d on eip155:8453, up to block 50969530
0 paiement on-chain attribuable par route (0 transferts totaux)
 Container app-x402-run-e3ec9b169fc4 Creating 
 Container app-x402-run-e3ec9b169fc4 Created 
synced 0 new USDC transfer(s) to 0xb3F32bdfe8D07825BC0D7387295aB1D7559BA69d on eip155:8453, up to block 50971336
0 paiement on-chain attribuable par route (0 transferts totaux)
 Container app-x402-run-3fc59898d077 Creating 
 Container app-x402-run-3fc59898d077 Created 
synced 0 new USDC transfer(s) to 0xb3F32bdfe8D07825BC0D7387295aB1D7559BA69d on eip155:8453, up to block 50973133
0 paiement on-chain attribuable par route (0 transferts totaux)
 Container app-x402-run-75f05a242869 Creating 
 Container app-x402-run-75f05a242869 Created 
synced 0 new USDC transfer(s) to 0xb3F32bdfe8D07825BC0D7387295aB1D7559BA69d on eip155:8453, up to block 50974939
0 paiement on-chain attribuable par route (0 transferts totaux)
 Container app-x402-run-9c6595aebb41 Creating 
 Container app-x402-run-9c6595aebb41 Created 
synced 0 new USDC transfer(s) to 0xb3F32bdfe8D07825BC0D7387295aB1D7559BA69d on eip155:8453, up to block 50976734
0 paiement on-chain attribuable par route (0 transferts totaux)
 Container app-x402-run-3840c945e724 Creating 
 Container app-x402-run-3840c945e724 Created 
synced 0 new USDC transfer(s) to 0xb3F32bdfe8D07825BC0D7387295aB1D7559BA69d on eip155:8453, up to block 50978535
0 paiement on-chain attribuable par route (0 transferts totaux)
 Container app-x402-run-a78464a2e725 Creating 
 Container app-x402-run-a78464a2e725 Created 
synced 0 new USDC transfer(s) to 0xb3F32bdfe8D07825BC0D7387295aB1D7559BA69d on eip155:8453, up to block 50980334
0 paiement on-chain attribuable par route (0 transferts totaux)
 Container app-x402-run-118d24c64252 Creating 
 Container app-x402-run-118d24c64252 Created 
synced 0 new USDC transfer(s) to 0xb3F32bdfe8D07825BC0D7387295aB1D7559BA69d on eip155:8453, up to block 50982135
0 paiement on-chain attribuable par route (0 transferts totaux)
 Container app-x402-run-a7742af5c794 Creating 
 Container app-x402-run-a7742af5c794 Created 
synced 0 new USDC transfer(s) to 0xb3F32bdfe8D07825BC0D7387295aB1D7559BA69d on eip155:8453, up to block 50983935
0 paiement on-chain attribuable par route (0 transferts totaux)
 Container app-x402-run-c7a9b6ee7595 Creating 
 Container app-x402-run-c7a9b6ee7595 Created 
synced 0 new USDC transfer(s) to 0xb3F32bdfe8D07825BC0D7387295aB1D7559BA69d on eip155:8453, up to block 50985735
0 paiement on-chain attribuable par route (0 transferts totaux)
 Container app-x402-run-7220761405e2 Creating 
 Container app-x402-run-7220761405e2 Created 
synced 0 new USDC transfer(s) to 0xb3F32bdfe8D07825BC0D7387295aB1D7559BA69d on eip155:8453, up to block 50987533
0 paiement on-chain attribuable par route (0 transferts totaux)
 Container app-x402-run-255fc587ac43 Creating 
 Container app-x402-run-255fc587ac43 Created 
synced 0 new USDC transfer(s) to 0xb3F32bdfe8D07825BC0D7387295aB1D7559BA69d on eip155:8453, up to block 50989333
0 paiement on-chain attribuable par route (0 transferts totaux)
 Container app-x402-run-ede609c9ac50 Creating 
 Container app-x402-run-ede609c9ac50 Created 
synced 0 new USDC transfer(s) to 0xb3F32bdfe8D07825BC0D7387295aB1D7559BA69d on eip155:8453, up to block 50991134
0 paiement on-chain attribuable par route (0 transferts totaux)
 Container app-x402-run-07af674a09eb Creating 
 Container app-x402-run-07af674a09eb Created 
synced 0 new USDC transfer(s) to 0xb3F32bdfe8D07825BC0D7387295aB1D7559BA69d on eip155:8453, up to block 50992933
0 paiement on-chain attribuable par route (0 transferts totaux)
 Container app-x402-run-13fdc44ddf12 Creating 
 Container app-x402-run-13fdc44ddf12 Created 
synced 0 new USDC transfer(s) to 0xb3F32bdfe8D07825BC0D7387295aB1D7559BA69d on eip155:8453, up to block 50994732
0 paiement on-chain attribuable par route (0 transferts totaux)
 Container app-x402-run-9b472f0aab5d Creating 
 Container app-x402-run-9b472f0aab5d Created 
synced 0 new USDC transfer(s) to 0xb3F32bdfe8D07825BC0D7387295aB1D7559BA69d on eip155:8453, up to block 50996534
0 paiement on-chain attribuable par route (0 transferts totaux)
 Container app-x402-run-86c397a82ca8 Creating 
 Container app-x402-run-86c397a82ca8 Created 
synced 0 new USDC transfer(s) to 0xb3F32bdfe8D07825BC0D7387295aB1D7559BA69d on eip155:8453, up to block 50998332
0 paiement on-chain attribuable par route (0 transferts totaux)
 Container app-x402-run-631a1ec4e562 Creating 
 Container app-x402-run-631a1ec4e562 Created 
synced 0 new USDC transfer(s) to 0xb3F32bdfe8D07825BC0D7387295aB1D7559BA69d on eip155:8453, up to block 51000133
0 paiement on-chain attribuable par route (0 transferts totaux)
 Container app-x402-run-b61fb0ee9bd5 Creating 
 Container app-x402-run-b61fb0ee9bd5 Created 
synced 0 new USDC transfer(s) to 0xb3F32bdfe8D07825BC0D7387295aB1D7559BA69d on eip155:8453, up to block 51001933
0 paiement on-chain attribuable par route (0 transferts totaux)
 Container app-x402-run-0f4f3c56ad0e Creating 
 Container app-x402-run-0f4f3c56ad0e Created 
synced 0 new USDC transfer(s) to 0xb3F32bdfe8D07825BC0D7387295aB1D7559BA69d on eip155:8453, up to block 51003734
0 paiement on-chain attribuable par route (0 transferts totaux)
 Container app-x402-run-e871ea65dba5 Creating 
 Container app-x402-run-e871ea65dba5 Created 
synced 0 new USDC transfer(s) to 0xb3F32bdfe8D07825BC0D7387295aB1D7559BA69d on eip155:8453, up to block 51005536
0 paiement on-chain attribuable par route (0 transferts totaux)
 Container app-x402-run-8020a9b494f3 Creating 
 Container app-x402-run-8020a9b494f3 Created 
synced 0 new USDC transfer(s) to 0xb3F32bdfe8D07825BC0D7387295aB1D7559BA69d on eip155:8453, up to block 51007333
0 paiement on-chain attribuable par route (0 transferts totaux)
 Container app-x402-run-7f661a9a615c Creating 
 Container app-x402-run-7f661a9a615c Created 
synced 0 new USDC transfer(s) to 0xb3F32bdfe8D07825BC0D7387295aB1D7559BA69d on eip155:8453, up to block 51009131
0 paiement on-chain attribuable par route (0 transferts totaux)
 Container app-x402-run-bedf2f068a63 Creating 
 Container app-x402-run-bedf2f068a63 Created 
synced 0 new USDC transfer(s) to 0xb3F32bdfe8D07825BC0D7387295aB1D7559BA69d on eip155:8453, up to block 51010934
0 paiement on-chain attribuable par route (0 transferts totaux)
 Container app-x402-run-b7c50fc63c5b Creating 
 Container app-x402-run-b7c50fc63c5b Created 
synced 0 new USDC transfer(s) to 0xb3F32bdfe8D07825BC0D7387295aB1D7559BA69d on eip155:8453, up to block 51012735
0 paiement on-chain attribuable par route (0 transferts totaux)
 Container app-x402-run-f96fd9e80090 Creating 
 Container app-x402-run-f96fd9e80090 Created 
synced 0 new USDC transfer(s) to 0xb3F32bdfe8D07825BC0D7387295aB1D7559BA69d on eip155:8453, up to block 51014536
0 paiement on-chain attribuable par route (0 transferts totaux)
 Container app-x402-run-2b86eed1f0eb Creating 
 Container app-x402-run-2b86eed1f0eb Created 
synced 0 new USDC transfer(s) to 0xb3F32bdfe8D07825BC0D7387295aB1D7559BA69d on eip155:8453, up to block 51016334
0 paiement on-chain attribuable par route (0 transferts totaux)
 Container app-x402-run-ca93b4a2efa4 Creating 
 Container app-x402-run-ca93b4a2efa4 Created 
synced 0 new USDC transfer(s) to 0xb3F32bdfe8D07825BC0D7387295aB1D7559BA69d on eip155:8453, up to block 51018143
0 paiement on-chain attribuable par route (0 transferts totaux)
 Container app-x402-run-f5d56c0ccd2a Creating 
 Container app-x402-run-f5d56c0ccd2a Created 
synced 0 new USDC transfer(s) to 0xb3F32bdfe8D07825BC0D7387295aB1D7559BA69d on eip155:8453, up to block 51019935
0 paiement on-chain attribuable par route (0 transferts totaux)
 Container app-x402-run-7e5c66350cdd Creating 
 Container app-x402-run-7e5c66350cdd Created 
synced 0 new USDC transfer(s) to 0xb3F32bdfe8D07825BC0D7387295aB1D7559BA69d on eip155:8453, up to block 51021733
0 paiement on-chain attribuable par route (0 transferts totaux)
 Container app-x402-run-61a7b236fc21 Creating 
 Container app-x402-run-61a7b236fc21 Created 
synced 0 new USDC transfer(s) to 0xb3F32bdfe8D07825BC0D7387295aB1D7559BA69d on eip155:8453, up to block 51023533
0 paiement on-chain attribuable par route (0 transferts totaux)
 Container app-x402-run-243c57cf8b30 Creating 
 Container app-x402-run-243c57cf8b30 Created 
synced 0 new USDC transfer(s) to 0xb3F32bdfe8D07825BC0D7387295aB1D7559BA69d on eip155:8453, up to block 51025334
0 paiement on-chain attribuable par route (0 transferts totaux)
 Container app-x402-run-7f554775366e Creating 
 Container app-x402-run-7f554775366e Created 
synced 0 new USDC transfer(s) to 0xb3F32bdfe8D07825BC0D7387295aB1D7559BA69d on eip155:8453, up to block 51027136
0 paiement on-chain attribuable par route (0 transferts totaux)
 Container app-x402-run-988e974d9636 Creating 
 Container app-x402-run-988e974d9636 Created 
synced 0 new USDC transfer(s) to 0xb3F32bdfe8D07825BC0D7387295aB1D7559BA69d on eip155:8453, up to block 51028935
0 paiement on-chain attribuable par route (0 transferts totaux)
 Container app-x402-run-a743c2a883f4 Creating 
 Container app-x402-run-a743c2a883f4 Created 
synced 0 new USDC transfer(s) to 0xb3F32bdfe8D07825BC0D7387295aB1D7559BA69d on eip155:8453, up to block 51030737
0 paiement on-chain attribuable par route (0 transferts totaux)
 Container app-x402-run-17045ecbdd66 Creating 
 Container app-x402-run-17045ecbdd66 Created 
synced 0 new USDC transfer(s) to 0xb3F32bdfe8D07825BC0D7387295aB1D7559BA69d on eip155:8453, up to block 51032535
0 paiement on-chain attribuable par route (0 transferts totaux)
 Container app-x402-run-b4d87ae8a84d Creating 
 Container app-x402-run-b4d87ae8a84d Created 
synced 0 new USDC transfer(s) to 0xb3F32bdfe8D07825BC0D7387295aB1D7559BA69d on eip155:8453, up to block 51034332
0 paiement on-chain attribuable par route (0 transferts totaux)
 Container app-x402-run-bc7635d4cb94 Creating 
 Container app-x402-run-bc7635d4cb94 Created 
synced 0 new USDC transfer(s) to 0xb3F32bdfe8D07825BC0D7387295aB1D7559BA69d on eip155:8453, up to block 51036132
0 paiement on-chain attribuable par route (0 transferts totaux)
 Container app-x402-run-9e58a0a11fdf Creating 
 Container app-x402-run-9e58a0a11fdf Created 
synced 0 new USDC transfer(s) to 0xb3F32bdfe8D07825BC0D7387295aB1D7559BA69d on eip155:8453, up to block 51037933
0 paiement on-chain attribuable par route (0 transferts totaux)
 Container app-x402-run-e0197ac45467 Creating 
 Container app-x402-run-e0197ac45467 Created 
synced 0 new USDC transfer(s) to 0xb3F32bdfe8D07825BC0D7387295aB1D7559BA69d on eip155:8453, up to block 51039733
0 paiement on-chain attribuable par route (0 transferts totaux)
 Container app-x402-run-1ff6e15b87be Creating 
 Container app-x402-run-1ff6e15b87be Created 
synced 0 new USDC transfer(s) to 0xb3F32bdfe8D07825BC0D7387295aB1D7559BA69d on eip155:8453, up to block 51041534
0 paiement on-chain attribuable par route (0 transferts totaux)
 Container app-x402-run-b09843805c83 Creating 
 Container app-x402-run-b09843805c83 Created 
synced 0 new USDC transfer(s) to 0xb3F32bdfe8D07825BC0D7387295aB1D7559BA69d on eip155:8453, up to block 51043334
0 paiement on-chain attribuable par route (0 transferts totaux)
 Container app-x402-run-68b0734f6f11 Creating 
 Container app-x402-run-68b0734f6f11 Created 
synced 0 new USDC transfer(s) to 0xb3F32bdfe8D07825BC0D7387295aB1D7559BA69d on eip155:8453, up to block 51045133
0 paiement on-chain attribuable par route (0 transferts totaux)
 Container app-x402-run-8a1180bb588d Creating 
 Container app-x402-run-8a1180bb588d Created 
synced 0 new USDC transfer(s) to 0xb3F32bdfe8D07825BC0D7387295aB1D7559BA69d on eip155:8453, up to block 51046933
0 paiement on-chain attribuable par route (0 transferts totaux)
 Container app-x402-run-83fee1385f02 Creating 
 Container app-x402-run-83fee1385f02 Created 
synced 0 new USDC transfer(s) to 0xb3F32bdfe8D07825BC0D7387295aB1D7559BA69d on eip155:8453, up to block 51048734
0 paiement on-chain attribuable par route (0 transferts totaux)
 Container app-x402-run-c6a96f01440a Creating 
 Container app-x402-run-c6a96f01440a Created 
synced 0 new USDC transfer(s) to 0xb3F32bdfe8D07825BC0D7387295aB1D7559BA69d on eip155:8453, up to block 51050533
0 paiement on-chain attribuable par route (0 transferts totaux)
 Container app-x402-run-9ac73796d04b Creating 
 Container app-x402-run-9ac73796d04b Created 
synced 0 new USDC transfer(s) to 0xb3F32bdfe8D07825BC0D7387295aB1D7559BA69d on eip155:8453, up to block 51052333
0 paiement on-chain attribuable par route (0 transferts totaux)
 Container app-x402-run-08c0c7eb5850 Creating 
 Container app-x402-run-08c0c7eb5850 Created 
synced 0 new USDC transfer(s) to 0xb3F32bdfe8D07825BC0D7387295aB1D7559BA69d on eip155:8453, up to block 51054135
0 paiement on-chain attribuable par route (0 transferts totaux)
 Container app-x402-run-1a2c36178ca6 Creating 
 Container app-x402-run-1a2c36178ca6 Created 
synced 0 new USDC transfer(s) to 0xb3F32bdfe8D07825BC0D7387295aB1D7559BA69d on eip155:8453, up to block 51055933
0 paiement on-chain attribuable par route (0 transferts totaux)
 Container app-x402-run-df8b8c0b6a82 Creating 
 Container app-x402-run-df8b8c0b6a82 Created 
synced 0 new USDC transfer(s) to 0xb3F32bdfe8D07825BC0D7387295aB1D7559BA69d on eip155:8453, up to block 51057737
0 paiement on-chain attribuable par route (0 transferts totaux)
 Container app-x402-run-24c5abcea8dd Creating 
 Container app-x402-run-24c5abcea8dd Created 
synced 0 new USDC transfer(s) to 0xb3F32bdfe8D07825BC0D7387295aB1D7559BA69d on eip155:8453, up to block 51059534
0 paiement on-chain attribuable par route (0 transferts totaux)
 Container app-x402-run-6de387e87495 Creating 
 Container app-x402-run-6de387e87495 Created 
synced 0 new USDC transfer(s) to 0xb3F32bdfe8D07825BC0D7387295aB1D7559BA69d on eip155:8453, up to block 51061340
0 paiement on-chain attribuable par route (0 transferts totaux)
 Container app-x402-run-779a78cae103 Creating 
 Container app-x402-run-779a78cae103 Created 
synced 0 new USDC transfer(s) to 0xb3F32bdfe8D07825BC0D7387295aB1D7559BA69d on eip155:8453, up to block 51063133
0 paiement on-chain attribuable par route (0 transferts totaux)
 Container app-x402-run-db73b7b5cc95 Creating 
 Container app-x402-run-db73b7b5cc95 Created 
synced 0 new USDC transfer(s) to 0xb3F32bdfe8D07825BC0D7387295aB1D7559BA69d on eip155:8453, up to block 51064935
0 paiement on-chain attribuable par route (0 transferts totaux)
 Container app-x402-run-35758bdd385c Creating 
 Container app-x402-run-35758bdd385c Created 
synced 0 new USDC transfer(s) to 0xb3F32bdfe8D07825BC0D7387295aB1D7559BA69d on eip155:8453, up to block 51066733
0 paiement on-chain attribuable par route (0 transferts totaux)
 Container app-x402-run-c291c1a20648 Creating 
 Container app-x402-run-c291c1a20648 Created 
synced 0 new USDC transfer(s) to 0xb3F32bdfe8D07825BC0D7387295aB1D7559BA69d on eip155:8453, up to block 51068532
0 paiement on-chain attribuable par route (0 transferts totaux)
 Container app-x402-run-a3df94390378 Creating 
 Container app-x402-run-a3df94390378 Created 
synced 0 new USDC transfer(s) to 0xb3F32bdfe8D07825BC0D7387295aB1D7559BA69d on eip155:8453, up to block 51070333
0 paiement on-chain attribuable par route (0 transferts totaux)
 Container app-x402-run-3f93c9e39d0c Creating 
 Container app-x402-run-3f93c9e39d0c Created 
synced 0 new USDC transfer(s) to 0xb3F32bdfe8D07825BC0D7387295aB1D7559BA69d on eip155:8453, up to block 51072133
0 paiement on-chain attribuable par route (0 transferts totaux)
 Container app-x402-run-52bfbe501e8c Creating 
 Container app-x402-run-52bfbe501e8c Created 
synced 0 new USDC transfer(s) to 0xb3F32bdfe8D07825BC0D7387295aB1D7559BA69d on eip155:8453, up to block 51073935
0 paiement on-chain attribuable par route (0 transferts totaux)
 Container app-x402-run-ddbfdacb24b7 Creating 
 Container app-x402-run-ddbfdacb24b7 Created 
synced 0 new USDC transfer(s) to 0xb3F32bdfe8D07825BC0D7387295aB1D7559BA69d on eip155:8453, up to block 51075732
0 paiement on-chain attribuable par route (0 transferts totaux)
 Container app-x402-run-a877a2d83fab Creating 
 Container app-x402-run-a877a2d83fab Created 
synced 0 new USDC transfer(s) to 0xb3F32bdfe8D07825BC0D7387295aB1D7559BA69d on eip155:8453, up to block 51077533
0 paiement on-chain attribuable par route (0 transferts totaux)
 Container app-x402-run-cdd19204875c Creating 
 Container app-x402-run-cdd19204875c Created 
synced 0 new USDC transfer(s) to 0xb3F32bdfe8D07825BC0D7387295aB1D7559BA69d on eip155:8453, up to block 51079332
0 paiement on-chain attribuable par route (0 transferts totaux)
 Container app-x402-run-be351425e504 Creating 
 Container app-x402-run-be351425e504 Created 
synced 0 new USDC transfer(s) to 0xb3F32bdfe8D07825BC0D7387295aB1D7559BA69d on eip155:8453, up to block 51081133
0 paiement on-chain attribuable par route (0 transferts totaux)
 Container app-x402-run-4f755957aef6 Creating 
 Container app-x402-run-4f755957aef6 Created 
nothing new to sync
0 paiement on-chain attribuable par route (0 transferts totaux)
 Container app-x402-run-56ba7a0679e8 Creating 
 Container app-x402-run-56ba7a0679e8 Created 
synced 0 new USDC transfer(s) to 0xb3F32bdfe8D07825BC0D7387295aB1D7559BA69d on eip155:8453, up to block 51084732
0 paiement on-chain attribuable par route (0 transferts totaux)
 Container app-x402-run-d062b6588a6b Creating 
 Container app-x402-run-d062b6588a6b Created 
synced 0 new USDC transfer(s) to 0xb3F32bdfe8D07825BC0D7387295aB1D7559BA69d on eip155:8453, up to block 51086532
0 paiement on-chain attribuable par route (0 transferts totaux)
 Container app-x402-run-88c9bce85055 Creating 
 Container app-x402-run-88c9bce85055 Created 
synced 0 new USDC transfer(s) to 0xb3F32bdfe8D07825BC0D7387295aB1D7559BA69d on eip155:8453, up to block 51088330
0 paiement on-chain attribuable par route (0 transferts totaux)
 Container app-x402-run-81506b252775 Creating 
 Container app-x402-run-81506b252775 Created 
synced 0 new USDC transfer(s) to 0xb3F32bdfe8D07825BC0D7387295aB1D7559BA69d on eip155:8453, up to block 51090132
0 paiement on-chain attribuable par route (0 transferts totaux)
 Container app-x402-run-8f2579b29ddb Creating 
 Container app-x402-run-8f2579b29ddb Created 
synced 0 new USDC transfer(s) to 0xb3F32bdfe8D07825BC0D7387295aB1D7559BA69d on eip155:8453, up to block 51091932
0 paiement on-chain attribuable par route (0 transferts totaux)
 Container app-x402-run-07aec000aad9 Creating 
 Container app-x402-run-07aec000aad9 Created 
synced 0 new USDC transfer(s) to 0xb3F32bdfe8D07825BC0D7387295aB1D7559BA69d on eip155:8453, up to block 51093733
0 paiement on-chain attribuable par route (0 transferts totaux)
 Container app-x402-run-7184938d9de9 Creating 
 Container app-x402-run-7184938d9de9 Created 
synced 0 new USDC transfer(s) to 0xb3F32bdfe8D07825BC0D7387295aB1D7559BA69d on eip155:8453, up to block 51095531
0 paiement on-chain attribuable par route (0 transferts totaux)
 Container app-x402-run-4f87f6edf5e7 Creating 
 Container app-x402-run-4f87f6edf5e7 Created 
synced 0 new USDC transfer(s) to 0xb3F32bdfe8D07825BC0D7387295aB1D7559BA69d on eip155:8453, up to block 51097337
0 paiement on-chain attribuable par route (0 transferts totaux)
 Container app-x402-run-8a89043c1580 Creating 
 Container app-x402-run-8a89043c1580 Created 
synced 0 new USDC transfer(s) to 0xb3F32bdfe8D07825BC0D7387295aB1D7559BA69d on eip155:8453, up to block 51099131
0 paiement on-chain attribuable par route (0 transferts totaux)
 Container app-x402-run-7005957a623f Creating 
 Container app-x402-run-7005957a623f Created 
synced 0 new USDC transfer(s) to 0xb3F32bdfe8D07825BC0D7387295aB1D7559BA69d on eip155:8453, up to block 51100935
0 paiement on-chain attribuable par route (0 transferts totaux)
 Container app-x402-run-fdc72c87236e Creating 
 Container app-x402-run-fdc72c87236e Created 
synced 0 new USDC transfer(s) to 0xb3F32bdfe8D07825BC0D7387295aB1D7559BA69d on eip155:8453, up to block 51102732
0 paiement on-chain attribuable par route (0 transferts totaux)
 Container app-x402-run-d561edcc7576 Creating 
 Container app-x402-run-d561edcc7576 Created 
synced 0 new USDC transfer(s) to 0xb3F32bdfe8D07825BC0D7387295aB1D7559BA69d on eip155:8453, up to block 51104548
0 paiement on-chain attribuable par route (0 transferts totaux)
 Container app-x402-run-673928a67cf0 Creating 
 Container app-x402-run-673928a67cf0 Created 
synced 0 new USDC transfer(s) to 0xb3F32bdfe8D07825BC0D7387295aB1D7559BA69d on eip155:8453, up to block 51106334
0 paiement on-chain attribuable par route (0 transferts totaux)
 Container app-x402-run-026934e1f287 Creating 
 Container app-x402-run-026934e1f287 Created 
synced 0 new USDC transfer(s) to 0xb3F32bdfe8D07825BC0D7387295aB1D7559BA69d on eip155:8453, up to block 51108133
0 paiement on-chain attribuable par route (0 transferts totaux)
 Container app-x402-run-f9d322a20ac2 Creating 
 Container app-x402-run-f9d322a20ac2 Created 
synced 0 new USDC transfer(s) to 0xb3F32bdfe8D07825BC0D7387295aB1D7559BA69d on eip155:8453, up to block 51109931
0 paiement on-chain attribuable par route (0 transferts totaux)
 Container app-x402-run-fc8af7f258c4 Creating 
 Container app-x402-run-fc8af7f258c4 Created 
synced 0 new USDC transfer(s) to 0xb3F32bdfe8D07825BC0D7387295aB1D7559BA69d on eip155:8453, up to block 51111731
0 paiement on-chain attribuable par route (0 transferts totaux)
 Container app-x402-run-92657b749e29 Creating 
 Container app-x402-run-92657b749e29 Created 
synced 0 new USDC transfer(s) to 0xb3F32bdfe8D07825BC0D7387295aB1D7559BA69d on eip155:8453, up to block 51113532
0 paiement on-chain attribuable par route (0 transferts totaux)
 Container app-x402-run-a059c4323670 Creating 
 Container app-x402-run-a059c4323670 Created 
synced 0 new USDC transfer(s) to 0xb3F32bdfe8D07825BC0D7387295aB1D7559BA69d on eip155:8453, up to block 51115334
0 paiement on-chain attribuable par route (0 transferts totaux)
 Container app-x402-run-0331f18a288f Creating 
 Container app-x402-run-0331f18a288f Created 
synced 0 new USDC transfer(s) to 0xb3F32bdfe8D07825BC0D7387295aB1D7559BA69d on eip155:8453, up to block 51117137
0 paiement on-chain attribuable par route (0 transferts totaux)
 Container app-x402-run-5356562ea69e Creating 
 Container app-x402-run-5356562ea69e Created 
synced 0 new USDC transfer(s) to 0xb3F32bdfe8D07825BC0D7387295aB1D7559BA69d on eip155:8453, up to block 51118946
0 paiement on-chain attribuable par route (0 transferts totaux)
 Container app-x402-run-98a3961128cf Creating 
 Container app-x402-run-98a3961128cf Created 
synced 0 new USDC transfer(s) to 0xb3F32bdfe8D07825BC0D7387295aB1D7559BA69d on eip155:8453, up to block 51120739
0 paiement on-chain attribuable par route (0 transferts totaux)
 Container app-x402-run-58dd3838b8fe Creating 
 Container app-x402-run-58dd3838b8fe Created 
synced 0 new USDC transfer(s) to 0xb3F32bdfe8D07825BC0D7387295aB1D7559BA69d on eip155:8453, up to block 51122539
0 paiement on-chain attribuable par route (0 transferts totaux)
 Container app-x402-run-7446cbe74dfe Creating 
 Container app-x402-run-7446cbe74dfe Created 
synced 0 new USDC transfer(s) to 0xb3F32bdfe8D07825BC0D7387295aB1D7559BA69d on eip155:8453, up to block 51124341
0 paiement on-chain attribuable par route (0 transferts totaux)
 Container app-x402-run-132284e3ca09 Creating 
 Container app-x402-run-132284e3ca09 Created 
synced 0 new USDC transfer(s) to 0xb3F32bdfe8D07825BC0D7387295aB1D7559BA69d on eip155:8453, up to block 51126134
0 paiement on-chain attribuable par route (0 transferts totaux)
 Container app-x402-run-5a3bbab44afe Creating 
 Container app-x402-run-5a3bbab44afe Created 
synced 0 new USDC transfer(s) to 0xb3F32bdfe8D07825BC0D7387295aB1D7559BA69d on eip155:8453, up to block 51127939
0 paiement on-chain attribuable par route (0 transferts totaux)
 Container app-x402-run-752ec6fa200b Creating 
 Container app-x402-run-752ec6fa200b Created 
synced 0 new USDC transfer(s) to 0xb3F32bdfe8D07825BC0D7387295aB1D7559BA69d on eip155:8453, up to block 51129732
0 paiement on-chain attribuable par route (0 transferts totaux)
 Container app-x402-run-39a884a71d3f Creating 
 Container app-x402-run-39a884a71d3f Created 
synced 0 new USDC transfer(s) to 0xb3F32bdfe8D07825BC0D7387295aB1D7559BA69d on eip155:8453, up to block 51131542
0 paiement on-chain attribuable par route (0 transferts totaux)
 Container app-x402-run-012bc3b3efeb Creating 
 Container app-x402-run-012bc3b3efeb Created 
synced 0 new USDC transfer(s) to 0xb3F32bdfe8D07825BC0D7387295aB1D7559BA69d on eip155:8453, up to block 51133337
0 paiement on-chain attribuable par route (0 transferts totaux)
 Container app-x402-run-d4bc11fca893 Creating 
 Container app-x402-run-d4bc11fca893 Created 
synced 0 new USDC transfer(s) to 0xb3F32bdfe8D07825BC0D7387295aB1D7559BA69d on eip155:8453, up to block 51135138
0 paiement on-chain attribuable par route (0 transferts totaux)
 Container app-x402-run-110d6bee6315 Creating 
 Container app-x402-run-110d6bee6315 Created 
synced 0 new USDC transfer(s) to 0xb3F32bdfe8D07825BC0D7387295aB1D7559BA69d on eip155:8453, up to block 51136939
0 paiement on-chain attribuable par route (0 transferts totaux)
 Container app-x402-run-b638c1bc6762 Creating 
 Container app-x402-run-b638c1bc6762 Created 
synced 0 new USDC transfer(s) to 0xb3F32bdfe8D07825BC0D7387295aB1D7559BA69d on eip155:8453, up to block 51138738
0 paiement on-chain attribuable par route (0 transferts totaux)
 Container app-x402-run-80e9099054a1 Creating 
 Container app-x402-run-80e9099054a1 Created 
synced 0 new USDC transfer(s) to 0xb3F32bdfe8D07825BC0D7387295aB1D7559BA69d on eip155:8453, up to block 51140538
0 paiement on-chain attribuable par route (0 transferts totaux)
 Container app-x402-run-710e0b32c358 Creating 
 Container app-x402-run-710e0b32c358 Created 
synced 0 new USDC transfer(s) to 0xb3F32bdfe8D07825BC0D7387295aB1D7559BA69d on eip155:8453, up to block 51142341
0 paiement on-chain attribuable par route (0 transferts totaux)
 Container app-x402-run-7ddbdd121e1a Creating 
 Container app-x402-run-7ddbdd121e1a Created 
synced 0 new USDC transfer(s) to 0xb3F32bdfe8D07825BC0D7387295aB1D7559BA69d on eip155:8453, up to block 51144140
0 paiement on-chain attribuable par route (0 transferts totaux)
 Container app-x402-run-1fd209664ff1 Creating 
 Container app-x402-run-1fd209664ff1 Created 
synced 0 new USDC transfer(s) to 0xb3F32bdfe8D07825BC0D7387295aB1D7559BA69d on eip155:8453, up to block 51145935
0 paiement on-chain attribuable par route (0 transferts totaux)
 Container app-x402-run-55efd8894eee Creating 
 Container app-x402-run-55efd8894eee Created 
synced 0 new USDC transfer(s) to 0xb3F32bdfe8D07825BC0D7387295aB1D7559BA69d on eip155:8453, up to block 51147742
0 paiement on-chain attribuable par route (0 transferts totaux)
 Container app-x402-run-742034573a59 Creating 
 Container app-x402-run-742034573a59 Created 
synced 0 new USDC transfer(s) to 0xb3F32bdfe8D07825BC0D7387295aB1D7559BA69d on eip155:8453, up to block 51149531
0 paiement on-chain attribuable par route (0 transferts totaux)
 Container app-x402-run-3f40d5ab3d84 Creating 
 Container app-x402-run-3f40d5ab3d84 Created 
synced 0 new USDC transfer(s) to 0xb3F32bdfe8D07825BC0D7387295aB1D7559BA69d on eip155:8453, up to block 51151331
0 paiement on-chain attribuable par route (0 transferts totaux)
 Container app-x402-run-0ef5a982f6c8 Creating 
 Container app-x402-run-0ef5a982f6c8 Created 
synced 0 new USDC transfer(s) to 0xb3F32bdfe8D07825BC0D7387295aB1D7559BA69d on eip155:8453, up to block 51153130
0 paiement on-chain attribuable par route (0 transferts totaux)
 Container app-x402-run-20d8cb302b16 Creating 
 Container app-x402-run-20d8cb302b16 Created 
synced 0 new USDC transfer(s) to 0xb3F32bdfe8D07825BC0D7387295aB1D7559BA69d on eip155:8453, up to block 51154930
0 paiement on-chain attribuable par route (0 transferts totaux)
 Container app-x402-run-cf3a3d91fdce Creating 
 Container app-x402-run-cf3a3d91fdce Created 
synced 0 new USDC transfer(s) to 0xb3F32bdfe8D07825BC0D7387295aB1D7559BA69d on eip155:8453, up to block 51156731
0 paiement on-chain attribuable par route (0 transferts totaux)
 Container app-x402-run-395aa502f332 Creating 
 Container app-x402-run-395aa502f332 Created 
synced 0 new USDC transfer(s) to 0xb3F32bdfe8D07825BC0D7387295aB1D7559BA69d on eip155:8453, up to block 51158530
0 paiement on-chain attribuable par route (0 transferts totaux)
 Container app-x402-run-420c00c5a993 Creating 
 Container app-x402-run-420c00c5a993 Created 
synced 0 new USDC transfer(s) to 0xb3F32bdfe8D07825BC0D7387295aB1D7559BA69d on eip155:8453, up to block 51160330
0 paiement on-chain attribuable par route (0 transferts totaux)
 Container app-x402-run-7a792c8264ed Creating 
 Container app-x402-run-7a792c8264ed Created 
synced 0 new USDC transfer(s) to 0xb3F32bdfe8D07825BC0D7387295aB1D7559BA69d on eip155:8453, up to block 51162130
0 paiement on-chain attribuable par route (0 transferts totaux)
 Container app-x402-run-fb136dc0fc08 Creating 
 Container app-x402-run-fb136dc0fc08 Created 
synced 0 new USDC transfer(s) to 0xb3F32bdfe8D07825BC0D7387295aB1D7559BA69d on eip155:8453, up to block 51163931
0 paiement on-chain attribuable par route (0 transferts totaux)
 Container app-x402-run-c9ea24603fdd Creating 
 Container app-x402-run-c9ea24603fdd Created 
synced 0 new USDC transfer(s) to 0xb3F32bdfe8D07825BC0D7387295aB1D7559BA69d on eip155:8453, up to block 51165730
0 paiement on-chain attribuable par route (0 transferts totaux)
 Container app-x402-run-800e717aa8a0 Creating 
 Container app-x402-run-800e717aa8a0 Created 
synced 0 new USDC transfer(s) to 0xb3F32bdfe8D07825BC0D7387295aB1D7559BA69d on eip155:8453, up to block 51167529
0 paiement on-chain attribuable par route (0 transferts totaux)
 Container app-x402-run-3e92730cefd4 Creating 
 Container app-x402-run-3e92730cefd4 Created 
synced 0 new USDC transfer(s) to 0xb3F32bdfe8D07825BC0D7387295aB1D7559BA69d on eip155:8453, up to block 51169330
0 paiement on-chain attribuable par route (0 transferts totaux)
 Container app-x402-run-d6176374c119 Creating 
 Container app-x402-run-d6176374c119 Created 
synced 0 new USDC transfer(s) to 0xb3F32bdfe8D07825BC0D7387295aB1D7559BA69d on eip155:8453, up to block 51171132
0 paiement on-chain attribuable par route (0 transferts totaux)
 Container app-x402-run-61f1a4f547bb Creating 
 Container app-x402-run-61f1a4f547bb Created 
synced 0 new USDC transfer(s) to 0xb3F32bdfe8D07825BC0D7387295aB1D7559BA69d on eip155:8453, up to block 51172929
0 paiement on-chain attribuable par route (0 transferts totaux)
 Container app-x402-run-a8fe9c327f0a Creating 
 Container app-x402-run-a8fe9c327f0a Created 
synced 0 new USDC transfer(s) to 0xb3F32bdfe8D07825BC0D7387295aB1D7559BA69d on eip155:8453, up to block 51174730
0 paiement on-chain attribuable par route (0 transferts totaux)
 Container app-x402-run-9cfa02b8754b Creating 
 Container app-x402-run-9cfa02b8754b Created 
synced 0 new USDC transfer(s) to 0xb3F32bdfe8D07825BC0D7387295aB1D7559BA69d on eip155:8453, up to block 51176531
0 paiement on-chain attribuable par route (0 transferts totaux)
 Container app-x402-run-3be6d329f91c Creating 
 Container app-x402-run-3be6d329f91c Created 
synced 0 new USDC transfer(s) to 0xb3F32bdfe8D07825BC0D7387295aB1D7559BA69d on eip155:8453, up to block 51178330
0 paiement on-chain attribuable par route (0 transferts totaux)
 Container app-x402-run-39f01931949e Creating 
 Container app-x402-run-39f01931949e Created 
synced 0 new USDC transfer(s) to 0xb3F32bdfe8D07825BC0D7387295aB1D7559BA69d on eip155:8453, up to block 51180130
0 paiement on-chain attribuable par route (0 transferts totaux)
 Container app-x402-run-303776e09032 Creating 
 Container app-x402-run-303776e09032 Created 
synced 0 new USDC transfer(s) to 0xb3F32bdfe8D07825BC0D7387295aB1D7559BA69d on eip155:8453, up to block 51181931
0 paiement on-chain attribuable par route (0 transferts totaux)
 Container app-x402-run-965a958455f4 Creating 
 Container app-x402-run-965a958455f4 Created 
synced 0 new USDC transfer(s) to 0xb3F32bdfe8D07825BC0D7387295aB1D7559BA69d on eip155:8453, up to block 51183730
0 paiement on-chain attribuable par route (0 transferts totaux)
 Container app-x402-run-1474ae07d702 Creating 
 Container app-x402-run-1474ae07d702 Created 
synced 0 new USDC transfer(s) to 0xb3F32bdfe8D07825BC0D7387295aB1D7559BA69d on eip155:8453, up to block 51185531
0 paiement on-chain attribuable par route (0 transferts totaux)
 Container app-x402-run-8075de5d9e47 Creating 
 Container app-x402-run-8075de5d9e47 Created 
synced 0 new USDC transfer(s) to 0xb3F32bdfe8D07825BC0D7387295aB1D7559BA69d on eip155:8453, up to block 51187332
0 paiement on-chain attribuable par route (0 transferts totaux)
 Container app-x402-run-b57a4fc3d330 Creating 
 Container app-x402-run-b57a4fc3d330 Created 
synced 0 new USDC transfer(s) to 0xb3F32bdfe8D07825BC0D7387295aB1D7559BA69d on eip155:8453, up to block 51189131
0 paiement on-chain attribuable par route (0 transferts totaux)
 Container app-x402-run-02c4f707af3e Creating 
 Container app-x402-run-02c4f707af3e Created 
synced 0 new USDC transfer(s) to 0xb3F32bdfe8D07825BC0D7387295aB1D7559BA69d on eip155:8453, up to block 51190933
0 paiement on-chain attribuable par route (0 transferts totaux)
 Container app-x402-run-2bfe00c8b6b2 Creating 
 Container app-x402-run-2bfe00c8b6b2 Created 
synced 0 new USDC transfer(s) to 0xb3F32bdfe8D07825BC0D7387295aB1D7559BA69d on eip155:8453, up to block 51192732
0 paiement on-chain attribuable par route (0 transferts totaux)
 Container app-x402-run-76822e1ad8e8 Creating 
 Container app-x402-run-76822e1ad8e8 Created 
synced 0 new USDC transfer(s) to 0xb3F32bdfe8D07825BC0D7387295aB1D7559BA69d on eip155:8453, up to block 51194531
0 paiement on-chain attribuable par route (0 transferts totaux)
 Container app-x402-run-dbad6bb45b68 Creating 
 Container app-x402-run-dbad6bb45b68 Created 
synced 0 new USDC transfer(s) to 0xb3F32bdfe8D07825BC0D7387295aB1D7559BA69d on eip155:8453, up to block 51196331
0 paiement on-chain attribuable par route (0 transferts totaux)
 Container app-x402-run-693847fddb3f Creating 
 Container app-x402-run-693847fddb3f Created 
synced 0 new USDC transfer(s) to 0xb3F32bdfe8D07825BC0D7387295aB1D7559BA69d on eip155:8453, up to block 51198131
0 paiement on-chain attribuable par route (0 transferts totaux)
 Container app-x402-run-c35045acdbf8 Creating 
 Container app-x402-run-c35045acdbf8 Created 
synced 0 new USDC transfer(s) to 0xb3F32bdfe8D07825BC0D7387295aB1D7559BA69d on eip155:8453, up to block 51199932
0 paiement on-chain attribuable par route (0 transferts totaux)
 Container app-x402-run-75a3c9ad80ca Creating 
 Container app-x402-run-75a3c9ad80ca Created 
synced 0 new USDC transfer(s) to 0xb3F32bdfe8D07825BC0D7387295aB1D7559BA69d on eip155:8453, up to block 51201732
0 paiement on-chain attribuable par route (0 transferts totaux)
 Container app-x402-run-2570a55d3161 Creating 
 Container app-x402-run-2570a55d3161 Created 
synced 0 new USDC transfer(s) to 0xb3F32bdfe8D07825BC0D7387295aB1D7559BA69d on eip155:8453, up to block 51203532
0 paiement on-chain attribuable par route (0 transferts totaux)
 Container app-x402-run-097430fc81d2 Creating 
 Container app-x402-run-097430fc81d2 Created 
synced 0 new USDC transfer(s) to 0xb3F32bdfe8D07825BC0D7387295aB1D7559BA69d on eip155:8453, up to block 51205332
0 paiement on-chain attribuable par route (0 transferts totaux)
 Container app-x402-run-09242171bb4e Creating 
 Container app-x402-run-09242171bb4e Created 
synced 0 new USDC transfer(s) to 0xb3F32bdfe8D07825BC0D7387295aB1D7559BA69d on eip155:8453, up to block 51207133
0 paiement on-chain attribuable par route (0 transferts totaux)
 Container app-x402-run-517a185197b7 Creating 
 Container app-x402-run-517a185197b7 Created 
synced 0 new USDC transfer(s) to 0xb3F32bdfe8D07825BC0D7387295aB1D7559BA69d on eip155:8453, up to block 51208932
0 paiement on-chain attribuable par route (0 transferts totaux)
 Container app-x402-run-1bd726551156 Creating 
 Container app-x402-run-1bd726551156 Created 
synced 0 new USDC transfer(s) to 0xb3F32bdfe8D07825BC0D7387295aB1D7559BA69d on eip155:8453, up to block 51210732
0 paiement on-chain attribuable par route (0 transferts totaux)
 Container app-x402-run-9ed748aa8a60 Creating 
 Container app-x402-run-9ed748aa8a60 Created 
synced 0 new USDC transfer(s) to 0xb3F32bdfe8D07825BC0D7387295aB1D7559BA69d on eip155:8453, up to block 51212531
0 paiement on-chain attribuable par route (0 transferts totaux)
 Container app-x402-run-b89e1a9eea7d Creating 
 Container app-x402-run-b89e1a9eea7d Created 
synced 0 new USDC transfer(s) to 0xb3F32bdfe8D07825BC0D7387295aB1D7559BA69d on eip155:8453, up to block 51214331
0 paiement on-chain attribuable par route (0 transferts totaux)
 Container app-x402-run-484bac079c4f Creating 
 Container app-x402-run-484bac079c4f Created 
synced 0 new USDC transfer(s) to 0xb3F32bdfe8D07825BC0D7387295aB1D7559BA69d on eip155:8453, up to block 51216131
0 paiement on-chain attribuable par route (0 transferts totaux)
 Container app-x402-run-21f962e8e743 Creating 
 Container app-x402-run-21f962e8e743 Created 
synced 0 new USDC transfer(s) to 0xb3F32bdfe8D07825BC0D7387295aB1D7559BA69d on eip155:8453, up to block 51217932
0 paiement on-chain attribuable par route (0 transferts totaux)
 Container app-x402-run-7d29a261227d Creating 
 Container app-x402-run-7d29a261227d Created 
synced 0 new USDC transfer(s) to 0xb3F32bdfe8D07825BC0D7387295aB1D7559BA69d on eip155:8453, up to block 51219732
0 paiement on-chain attribuable par route (0 transferts totaux)
 Container app-x402-run-2587df46af26 Creating 
 Container app-x402-run-2587df46af26 Created 
synced 0 new USDC transfer(s) to 0xb3F32bdfe8D07825BC0D7387295aB1D7559BA69d on eip155:8453, up to block 51221531
0 paiement on-chain attribuable par route (0 transferts totaux)
 Container app-x402-run-e5b11ba737cf Creating 
 Container app-x402-run-e5b11ba737cf Created 
synced 0 new USDC transfer(s) to 0xb3F32bdfe8D07825BC0D7387295aB1D7559BA69d on eip155:8453, up to block 51223330
0 paiement on-chain attribuable par route (0 transferts totaux)
 Container app-x402-run-38857fb828ff Creating 
 Container app-x402-run-38857fb828ff Created 
synced 0 new USDC transfer(s) to 0xb3F32bdfe8D07825BC0D7387295aB1D7559BA69d on eip155:8453, up to block 51225132
0 paiement on-chain attribuable par route (0 transferts totaux)
 Container app-x402-run-f62c051136b7 Creating 
 Container app-x402-run-f62c051136b7 Created 
synced 0 new USDC transfer(s) to 0xb3F32bdfe8D07825BC0D7387295aB1D7559BA69d on eip155:8453, up to block 51226932
0 paiement on-chain attribuable par route (0 transferts totaux)
 Container app-x402-run-cfe873d93476 Creating 
 Container app-x402-run-cfe873d93476 Created 
synced 0 new USDC transfer(s) to 0xb3F32bdfe8D07825BC0D7387295aB1D7559BA69d on eip155:8453, up to block 51228732
0 paiement on-chain attribuable par route (0 transferts totaux)
 Container app-x402-run-93ec7fc627b2 Creating 
 Container app-x402-run-93ec7fc627b2 Created 
synced 0 new USDC transfer(s) to 0xb3F32bdfe8D07825BC0D7387295aB1D7559BA69d on eip155:8453, up to block 51230532
0 paiement on-chain attribuable par route (0 transferts totaux)
 Container app-x402-run-57af7ee4fea9 Creating 
 Container app-x402-run-57af7ee4fea9 Created 
synced 0 new USDC transfer(s) to 0xb3F32bdfe8D07825BC0D7387295aB1D7559BA69d on eip155:8453, up to block 51232331
0 paiement on-chain attribuable par route (0 transferts totaux)
 Container app-x402-run-ef7b7c435347 Creating 
 Container app-x402-run-ef7b7c435347 Created 
synced 0 new USDC transfer(s) to 0xb3F32bdfe8D07825BC0D7387295aB1D7559BA69d on eip155:8453, up to block 51234132
0 paiement on-chain attribuable par route (0 transferts totaux)
 Container app-x402-run-29795307432b Creating 
 Container app-x402-run-29795307432b Created 
synced 0 new USDC transfer(s) to 0xb3F32bdfe8D07825BC0D7387295aB1D7559BA69d on eip155:8453, up to block 51235932
0 paiement on-chain attribuable par route (0 transferts totaux)
 Container app-x402-run-42f4dc00d83a Creating 
 Container app-x402-run-42f4dc00d83a Created 
synced 0 new USDC transfer(s) to 0xb3F32bdfe8D07825BC0D7387295aB1D7559BA69d on eip155:8453, up to block 51237731
0 paiement on-chain attribuable par route (0 transferts totaux)
 Container app-x402-run-cd2874c7ba13 Creating 
 Container app-x402-run-cd2874c7ba13 Created 
synced 0 new USDC transfer(s) to 0xb3F32bdfe8D07825BC0D7387295aB1D7559BA69d on eip155:8453, up to block 51239531
0 paiement on-chain attribuable par route (0 transferts totaux)
 Container app-x402-run-155067d00d79 Creating 
 Container app-x402-run-155067d00d79 Created 
synced 0 new USDC transfer(s) to 0xb3F32bdfe8D07825BC0D7387295aB1D7559BA69d on eip155:8453, up to block 51241332
0 paiement on-chain attribuable par route (0 transferts totaux)
 Container app-x402-run-6a4e4ba615c2 Creating 
 Container app-x402-run-6a4e4ba615c2 Created 
synced 0 new USDC transfer(s) to 0xb3F32bdfe8D07825BC0D7387295aB1D7559BA69d on eip155:8453, up to block 51243132
0 paiement on-chain attribuable par route (0 transferts totaux)
 Container app-x402-run-aa4ec8249e8b Creating 
 Container app-x402-run-aa4ec8249e8b Created 
synced 0 new USDC transfer(s) to 0xb3F32bdfe8D07825BC0D7387295aB1D7559BA69d on eip155:8453, up to block 51244932
0 paiement on-chain attribuable par route (0 transferts totaux)
 Container app-x402-run-999ba27c382d Creating 
 Container app-x402-run-999ba27c382d Created 
synced 0 new USDC transfer(s) to 0xb3F32bdfe8D07825BC0D7387295aB1D7559BA69d on eip155:8453, up to block 51246732
0 paiement on-chain attribuable par route (0 transferts totaux)
 Container app-x402-run-8048789ad43c Creating 
 Container app-x402-run-8048789ad43c Created 
synced 0 new USDC transfer(s) to 0xb3F32bdfe8D07825BC0D7387295aB1D7559BA69d on eip155:8453, up to block 51248531
0 paiement on-chain attribuable par route (0 transferts totaux)
 Container app-x402-run-d7d19da5e558 Creating 
 Container app-x402-run-d7d19da5e558 Created 
synced 0 new USDC transfer(s) to 0xb3F32bdfe8D07825BC0D7387295aB1D7559BA69d on eip155:8453, up to block 51250331
0 paiement on-chain attribuable par route (0 transferts totaux)
 Container app-x402-run-f2420a19fda6 Creating 
 Container app-x402-run-f2420a19fda6 Created 
synced 0 new USDC transfer(s) to 0xb3F32bdfe8D07825BC0D7387295aB1D7559BA69d on eip155:8453, up to block 51252131
0 paiement on-chain attribuable par route (0 transferts totaux)
 Container app-x402-run-fc2abbc650b4 Creating 
 Container app-x402-run-fc2abbc650b4 Created 
synced 0 new USDC transfer(s) to 0xb3F32bdfe8D07825BC0D7387295aB1D7559BA69d on eip155:8453, up to block 51253932
0 paiement on-chain attribuable par route (0 transferts totaux)
 Container app-x402-run-fdfb44060548 Creating 
 Container app-x402-run-fdfb44060548 Created 
synced 0 new USDC transfer(s) to 0xb3F32bdfe8D07825BC0D7387295aB1D7559BA69d on eip155:8453, up to block 51255731
0 paiement on-chain attribuable par route (0 transferts totaux)
 Container app-x402-run-c877046435fe Creating 
 Container app-x402-run-c877046435fe Created 
synced 0 new USDC transfer(s) to 0xb3F32bdfe8D07825BC0D7387295aB1D7559BA69d on eip155:8453, up to block 51257532
0 paiement on-chain attribuable par route (0 transferts totaux)
 Container app-x402-run-6e9d91c72abe Creating 
 Container app-x402-run-6e9d91c72abe Created 
synced 0 new USDC transfer(s) to 0xb3F32bdfe8D07825BC0D7387295aB1D7559BA69d on eip155:8453, up to block 51259331
0 paiement on-chain attribuable par route (0 transferts totaux)
 Container app-x402-run-b05222fe3d2f Creating 
 Container app-x402-run-b05222fe3d2f Created 
synced 0 new USDC transfer(s) to 0xb3F32bdfe8D07825BC0D7387295aB1D7559BA69d on eip155:8453, up to block 51261131
0 paiement on-chain attribuable par route (0 transferts totaux)
 Container app-x402-run-82f1a4dc17be Creating 
 Container app-x402-run-82f1a4dc17be Created 
synced 0 new USDC transfer(s) to 0xb3F32bdfe8D07825BC0D7387295aB1D7559BA69d on eip155:8453, up to block 51262932
0 paiement on-chain attribuable par route (0 transferts totaux)
 Container app-x402-run-819443c78521 Creating 
 Container app-x402-run-819443c78521 Created 
synced 0 new USDC transfer(s) to 0xb3F32bdfe8D07825BC0D7387295aB1D7559BA69d on eip155:8453, up to block 51264731
0 paiement on-chain attribuable par route (0 transferts totaux)
 Container app-x402-run-51595ed01b53 Creating 
 Container app-x402-run-51595ed01b53 Created 
synced 0 new USDC transfer(s) to 0xb3F32bdfe8D07825BC0D7387295aB1D7559BA69d on eip155:8453, up to block 51266532
0 paiement on-chain attribuable par route (0 transferts totaux)
 Container app-x402-run-2972b02300a6 Creating 
 Container app-x402-run-2972b02300a6 Created 
synced 0 new USDC transfer(s) to 0xb3F32bdfe8D07825BC0D7387295aB1D7559BA69d on eip155:8453, up to block 51268332
0 paiement on-chain attribuable par route (0 transferts totaux)
 Container app-x402-run-f6b9f2f8ac57 Creating 
 Container app-x402-run-f6b9f2f8ac57 Created 
synced 0 new USDC transfer(s) to 0xb3F32bdfe8D07825BC0D7387295aB1D7559BA69d on eip155:8453, up to block 51270133
0 paiement on-chain attribuable par route (0 transferts totaux)
 Container app-x402-run-dc520ebc180c Creating 
 Container app-x402-run-dc520ebc180c Created 
synced 0 new USDC transfer(s) to 0xb3F32bdfe8D07825BC0D7387295aB1D7559BA69d on eip155:8453, up to block 51271931
0 paiement on-chain attribuable par route (0 transferts totaux)
 Container app-x402-run-9014d0c76d01 Creating 
 Container app-x402-run-9014d0c76d01 Created 
synced 0 new USDC transfer(s) to 0xb3F32bdfe8D07825BC0D7387295aB1D7559BA69d on eip155:8453, up to block 51273734
0 paiement on-chain attribuable par route (0 transferts totaux)
 Container app-x402-run-b41a7d05e0fa Creating 
 Container app-x402-run-b41a7d05e0fa Created 
synced 0 new USDC transfer(s) to 0xb3F32bdfe8D07825BC0D7387295aB1D7559BA69d on eip155:8453, up to block 51275535
0 paiement on-chain attribuable par route (0 transferts totaux)
 Container app-x402-run-07e40a74f985 Creating 
 Container app-x402-run-07e40a74f985 Created 
synced 0 new USDC transfer(s) to 0xb3F32bdfe8D07825BC0D7387295aB1D7559BA69d on eip155:8453, up to block 51277334
0 paiement on-chain attribuable par route (0 transferts totaux)
 Container app-x402-run-337e7ff16846 Creating 
 Container app-x402-run-337e7ff16846 Created 
synced 0 new USDC transfer(s) to 0xb3F32bdfe8D07825BC0D7387295aB1D7559BA69d on eip155:8453, up to block 51279133
0 paiement on-chain attribuable par route (0 transferts totaux)
 Container app-x402-run-2eec9098a3c7 Creating 
 Container app-x402-run-2eec9098a3c7 Created 
synced 0 new USDC transfer(s) to 0xb3F32bdfe8D07825BC0D7387295aB1D7559BA69d on eip155:8453, up to block 51280932
0 paiement on-chain attribuable par route (0 transferts totaux)
 Container app-x402-run-6687b33574e7 Creating 
 Container app-x402-run-6687b33574e7 Created 
synced 0 new USDC transfer(s) to 0xb3F32bdfe8D07825BC0D7387295aB1D7559BA69d on eip155:8453, up to block 51282731
0 paiement on-chain attribuable par route (0 transferts totaux)
 Container app-x402-run-1c5db3d58660 Creating 
 Container app-x402-run-1c5db3d58660 Created 
synced 0 new USDC transfer(s) to 0xb3F32bdfe8D07825BC0D7387295aB1D7559BA69d on eip155:8453, up to block 51284531
0 paiement on-chain attribuable par route (0 transferts totaux)
 Container app-x402-run-859cffe4b86b Creating 
 Container app-x402-run-859cffe4b86b Created 
synced 0 new USDC transfer(s) to 0xb3F32bdfe8D07825BC0D7387295aB1D7559BA69d on eip155:8453, up to block 51286331
0 paiement on-chain attribuable par route (0 transferts totaux)
 Container app-x402-run-aa8183536e95 Creating 
 Container app-x402-run-aa8183536e95 Created 
synced 0 new USDC transfer(s) to 0xb3F32bdfe8D07825BC0D7387295aB1D7559BA69d on eip155:8453, up to block 51288131
0 paiement on-chain attribuable par route (0 transferts totaux)
