 Container app-x402-run-6163717d170a Creating 
 Container app-x402-run-6163717d170a Created 

[33m⚠️  NOTICE:[0m
By taking steps to use the search functionality within the x402 Bazaar, you agree to the CDP TOS and that the x402 Bazaar is provided AS-IS.
CDP TOS: (https://www.coinbase.com/legal/developer-platform/terms-of-service)
The endpoints have not been reviewed by Coinbase, so please ensure that you trust them prior to sending funds.
OK  search
OK  translate
OK  jobs
3 route(s) testée(s), 0 rejetée(s)
 Container app-x402-run-efafef8343b1 Creating 
 Container app-x402-run-efafef8343b1 Created 

[33m⚠️  NOTICE:[0m
By taking steps to use the search functionality within the x402 Bazaar, you agree to the CDP TOS and that the x402 Bazaar is provided AS-IS.
CDP TOS: (https://www.coinbase.com/legal/developer-platform/terms-of-service)
The endpoints have not been reviewed by Coinbase, so please ensure that you trust them prior to sending funds.
REJETÉ  search
OK  translate
OK  jobs
OK  pdf
OK  web-read
OK  extract
OK  summarize
OK  fact-check
8 route(s) testée(s), 1 rejetée(s)

 Container app-x402-run-5d2d8fa3e08c Creating 
 Container app-x402-run-5d2d8fa3e08c Created 

[33m⚠️  NOTICE:[0m
By taking steps to use the search functionality within the x402 Bazaar, you agree to the CDP TOS and that the x402 Bazaar is provided AS-IS.
CDP TOS: (https://www.coinbase.com/legal/developer-platform/terms-of-service)
The endpoints have not been reviewed by Coinbase, so please ensure that you trust them prior to sending funds.
OK  translate
OK  jobs
OK  pdf
OK  web-read
OK  extract
REJETÉ  summarize
6 route(s) testée(s), 1 rejetée(s)

 Container app-x402-run-033eeecede87 Creating 
 Container app-x402-run-033eeecede87 Created 

[33m⚠️  NOTICE:[0m
By taking steps to use the search functionality within the x402 Bazaar, you agree to the CDP TOS and that the x402 Bazaar is provided AS-IS.
CDP TOS: (https://www.coinbase.com/legal/developer-platform/terms-of-service)
The endpoints have not been reviewed by Coinbase, so please ensure that you trust them prior to sending funds.
OK  translate
OK  jobs
OK  pdf
OK  web-read
OK  extract
REJETÉ  summarize
6 route(s) testée(s), 1 rejetée(s)

 Container app-x402-run-5791829f88ce Creating 
 Container app-x402-run-5791829f88ce Created 

[33m⚠️  NOTICE:[0m
By taking steps to use the search functionality within the x402 Bazaar, you agree to the CDP TOS and that the x402 Bazaar is provided AS-IS.
CDP TOS: (https://www.coinbase.com/legal/developer-platform/terms-of-service)
The endpoints have not been reviewed by Coinbase, so please ensure that you trust them prior to sending funds.
OK  translate
OK  jobs
OK  pdf
OK  web-read
OK  extract
REJETÉ  summarize
6 route(s) testée(s), 1 rejetée(s)

 Container app-x402-run-3e4e78073966 Creating 
 Container app-x402-run-3e4e78073966 Created 

[33m⚠️  NOTICE:[0m
By taking steps to use the search functionality within the x402 Bazaar, you agree to the CDP TOS and that the x402 Bazaar is provided AS-IS.
CDP TOS: (https://www.coinbase.com/legal/developer-platform/terms-of-service)
The endpoints have not been reviewed by Coinbase, so please ensure that you trust them prior to sending funds.
REJETÉ  translate
REJETÉ  jobs
REJETÉ  pdf
REJETÉ  web-read
REJETÉ  extract
REJETÉ  summarize
6 route(s) testée(s), 6 rejetée(s)

 Container app-x402-run-13547fbb8212 Creating 
 Container app-x402-run-13547fbb8212 Created 

[33m⚠️  NOTICE:[0m
By taking steps to use the search functionality within the x402 Bazaar, you agree to the CDP TOS and that the x402 Bazaar is provided AS-IS.
CDP TOS: (https://www.coinbase.com/legal/developer-platform/terms-of-service)
The endpoints have not been reviewed by Coinbase, so please ensure that you trust them prior to sending funds.
REJETÉ  search
REJETÉ  translate
REJETÉ  jobs
REJETÉ  pdf
REJETÉ  web-read
REJETÉ  extract
REJETÉ  summarize
REJETÉ  fact-check
8 route(s) testée(s), 8 rejetée(s)

 Container app-x402-run-9113d251be21 Creating 
 Container app-x402-run-9113d251be21 Created 

[33m⚠️  NOTICE:[0m
By taking steps to use the search functionality within the x402 Bazaar, you agree to the CDP TOS and that the x402 Bazaar is provided AS-IS.
CDP TOS: (https://www.coinbase.com/legal/developer-platform/terms-of-service)
The endpoints have not been reviewed by Coinbase, so please ensure that you trust them prior to sending funds.
REJETÉ  search
REJETÉ  translate
REJETÉ  jobs
REJETÉ  pdf
REJETÉ  web-read
REJETÉ  extract
REJETÉ  summarize
REJETÉ  fact-check
8 route(s) testée(s), 8 rejetée(s)

 Container app-x402-run-026699c0a81f Creating 
 Container app-x402-run-026699c0a81f Created 

[33m⚠️  NOTICE:[0m
By taking steps to use the search functionality within the x402 Bazaar, you agree to the CDP TOS and that the x402 Bazaar is provided AS-IS.
CDP TOS: (https://www.coinbase.com/legal/developer-platform/terms-of-service)
The endpoints have not been reviewed by Coinbase, so please ensure that you trust them prior to sending funds.
REJETÉ  search
REJETÉ  translate
REJETÉ  jobs
REJETÉ  pdf
REJETÉ  web-read
REJETÉ  extract
REJETÉ  summarize
REJETÉ  fact-check
8 route(s) testée(s), 8 rejetée(s)

